---
source: tui/src/chatwidget/tests/task_commands_tests.rs
expression: errors
---
■ Usage: /parallelism [nonnegative integer]; 0 disables enforcement.
■ Usage: /parallelism [nonnegative integer]; 0 disables enforcement.
■ Usage: /parallelism [nonnegative integer]; 0 disables enforcement.
■ Usage: /parallelism [nonnegative integer]; 0 disables enforcement.
