---
source: tui/src/app/tests/tasks_tests.rs
expression: "crate::terminal_hyperlinks::strip_osc8(&format!(\"{resized_buffer:?}\"))"
---
Buffer {
    area: Rect { x: 0, y: 0, width: 100, height: 44 },
    content: [
        "/ T A S K S / / / / / / / / / / / / / / / / / / / / / / / / / / / / / / / / / / / / / / / / / / / / ",
        "12 unfinished tasks · 1 active · 10 ready · 1 blocked                                               ",
        "                                                                                                    ",
        "Parallelism: off                                                                                    ",
        "                                                                                                    ",
        "## ● #1 Outcome 1 · active                                                                          ",
        "                                                                                                    ",
        "Owner: /root/worker                                                                                 ",
        "Unblocks: #12                                                                                       ",
        "                                                                                                    ",
        "Keep the public API coherent across requests and authenticated retries.                             ",
        "                                                                                                    ",
        "- Update the integration contract.                                                                  ",
        "- Inspect request.account_id before sending.                                                        ",
        "                                                                                                    ",
        "let account = request.account_id();                                                                 ",
        "                                                                                                    ",
        "### Notes (6)                                                                                       ",
        "                                                                                                    ",
        "1970-01-01 00:00 UTC · from #9 Audit *old* records                                                  ",
        "                                                                                                    ",
        "> A routing change must retain the producer identity.                                               ",
        ">                                                                                                   ",
        "> - Preserve plaintext.                                                                             ",
        "> - Check the contract (https://example.com/contract).                                              ",
        "                                                                                                    ",
        "1970-01-01 00:00 UTC                                                                                ",
        "                                                                                                    ",
        "> Finding 2: request credentials remain account-bound.                                              ",
        "                                                                                                    ",
        "1970-01-01 00:00 UTC                                                                                ",
        "                                                                                                    ",
        "> Finding 3: request credentials remain account-bound.                                              ",
        "                                                                                                    ",
        "1970-01-01 00:00 UTC                                                                                ",
        "                                                                                                    ",
        "> Finding 4: request credentials remain account-bound.                                              ",
        "                                                                                                    ",
        "1970-01-01 00:00 UTC                                                                                ",
        "                                                                                                    ",
        "─────────────────────────────────────────────────────────────────────────────────────────────── 0% ─",
        " ↑/↓ to scroll   pgup/pgdn to page   home/end to jump                                               ",
        " q close                                                                                            ",
        "                                                                                                    ",
    ],
    styles: [
        x: 0, y: 0, fg: Reset, bg: Reset, underline: Reset, modifier: DIM,
        x: 0, y: 1, fg: Reset, bg: Reset, underline: Reset, modifier: BOLD,
        x: 19, y: 1, fg: Reset, bg: Reset, underline: Reset, modifier: NONE,
        x: 0, y: 3, fg: Reset, bg: Reset, underline: Reset, modifier: BOLD,
        x: 12, y: 3, fg: Reset, bg: Reset, underline: Reset, modifier: NONE,
        x: 0, y: 5, fg: Reset, bg: Reset, underline: Reset, modifier: BOLD,
        x: 20, y: 5, fg: Cyan, bg: Reset, underline: Reset, modifier: NONE,
        x: 26, y: 5, fg: Reset, bg: Reset, underline: Reset, modifier: NONE,
        x: 0, y: 7, fg: Reset, bg: Reset, underline: Reset, modifier: BOLD,
        x: 6, y: 7, fg: Reset, bg: Reset, underline: Reset, modifier: NONE,
        x: 0, y: 8, fg: Reset, bg: Reset, underline: Reset, modifier: BOLD,
        x: 9, y: 8, fg: Reset, bg: Reset, underline: Reset, modifier: NONE,
        x: 10, y: 8, fg: Cyan, bg: Reset, underline: Reset, modifier: NONE,
        x: 13, y: 8, fg: Reset, bg: Reset, underline: Reset, modifier: NONE,
        x: 9, y: 10, fg: Reset, bg: Reset, underline: Reset, modifier: BOLD,
        x: 19, y: 10, fg: Reset, bg: Reset, underline: Reset, modifier: NONE,
        x: 10, y: 13, fg: Cyan, bg: Reset, underline: Reset, modifier: NONE,
        x: 28, y: 13, fg: Reset, bg: Reset, underline: Reset, modifier: NONE,
        x: 0, y: 15, fg: Rgb(203, 166, 247), bg: Reset, underline: Reset, modifier: NONE,
        x: 3, y: 15, fg: Rgb(205, 214, 244), bg: Reset, underline: Reset, modifier: NONE,
        x: 12, y: 15, fg: Rgb(148, 226, 213), bg: Reset, underline: Reset, modifier: NONE,
        x: 13, y: 15, fg: Rgb(205, 214, 244), bg: Reset, underline: Reset, modifier: NONE,
        x: 21, y: 15, fg: Rgb(148, 226, 213), bg: Reset, underline: Reset, modifier: NONE,
        x: 22, y: 15, fg: Rgb(137, 180, 250), bg: Reset, underline: Reset, modifier: NONE,
        x: 32, y: 15, fg: Rgb(147, 153, 178), bg: Reset, underline: Reset, modifier: NONE,
        x: 35, y: 15, fg: Reset, bg: Reset, underline: Reset, modifier: NONE,
        x: 0, y: 17, fg: Reset, bg: Reset, underline: Reset, modifier: BOLD | ITALIC,
        x: 13, y: 17, fg: Reset, bg: Reset, underline: Reset, modifier: NONE,
        x: 0, y: 19, fg: Reset, bg: Reset, underline: Reset, modifier: ITALIC,
        x: 50, y: 19, fg: Reset, bg: Reset, underline: Reset, modifier: NONE,
        x: 0, y: 21, fg: Green, bg: Reset, underline: Reset, modifier: NONE,
        x: 4, y: 21, fg: Green, bg: Reset, underline: Reset, modifier: BOLD,
        x: 18, y: 21, fg: Green, bg: Reset, underline: Reset, modifier: NONE,
        x: 53, y: 21, fg: Reset, bg: Reset, underline: Reset, modifier: NONE,
        x: 0, y: 22, fg: Green, bg: Reset, underline: Reset, modifier: NONE,
        x: 2, y: 22, fg: Reset, bg: Reset, underline: Reset, modifier: NONE,
        x: 0, y: 23, fg: Green, bg: Reset, underline: Reset, modifier: NONE,
        x: 23, y: 23, fg: Reset, bg: Reset, underline: Reset, modifier: NONE,
        x: 0, y: 24, fg: Green, bg: Reset, underline: Reset, modifier: NONE,
        x: 10, y: 24, fg: Cyan, bg: Reset, underline: Reset, modifier: UNDERLINED,
        x: 22, y: 24, fg: Green, bg: Reset, underline: Reset, modifier: NONE,
        x: 24, y: 24, fg: Cyan, bg: Reset, underline: Reset, modifier: UNDERLINED,
        x: 52, y: 24, fg: Green, bg: Reset, underline: Reset, modifier: NONE,
        x: 54, y: 24, fg: Reset, bg: Reset, underline: Reset, modifier: NONE,
        x: 0, y: 26, fg: Reset, bg: Reset, underline: Reset, modifier: ITALIC,
        x: 20, y: 26, fg: Reset, bg: Reset, underline: Reset, modifier: NONE,
        x: 0, y: 28, fg: Green, bg: Reset, underline: Reset, modifier: NONE,
        x: 54, y: 28, fg: Reset, bg: Reset, underline: Reset, modifier: NONE,
        x: 0, y: 30, fg: Reset, bg: Reset, underline: Reset, modifier: ITALIC,
        x: 20, y: 30, fg: Reset, bg: Reset, underline: Reset, modifier: NONE,
        x: 0, y: 32, fg: Green, bg: Reset, underline: Reset, modifier: NONE,
        x: 54, y: 32, fg: Reset, bg: Reset, underline: Reset, modifier: NONE,
        x: 0, y: 34, fg: Reset, bg: Reset, underline: Reset, modifier: ITALIC,
        x: 20, y: 34, fg: Reset, bg: Reset, underline: Reset, modifier: NONE,
        x: 0, y: 36, fg: Green, bg: Reset, underline: Reset, modifier: NONE,
        x: 54, y: 36, fg: Reset, bg: Reset, underline: Reset, modifier: NONE,
        x: 0, y: 38, fg: Reset, bg: Reset, underline: Reset, modifier: ITALIC,
        x: 20, y: 38, fg: Reset, bg: Reset, underline: Reset, modifier: NONE,
        x: 0, y: 40, fg: Reset, bg: Reset, underline: Reset, modifier: DIM,
        x: 53, y: 41, fg: Reset, bg: Reset, underline: Reset, modifier: NONE,
        x: 0, y: 42, fg: Reset, bg: Reset, underline: Reset, modifier: DIM,
        x: 8, y: 42, fg: Reset, bg: Reset, underline: Reset, modifier: NONE,
    ]
}
