---
source: tui/src/chatwidget/tests/app_server.rs
expression: combined
---
• Waiting for 2 agents
  └ Robie [explorer] · model/effort unavailable
    Ada [reviewer] · model/effort unavailable


• Finished waiting
  └ Robie [explorer] · model/effort unavailable: Completed - Done
    Ada [reviewer] · model/effort unavailable: Running
